A,B,C,D,S
a,b
S
D->#
S->AB
S->CA
B->BC
B->AB
A->a
C->AB
C->b